Command: C:\Espressif\tools\python\v6.0\venv\Scripts\python.exe D:\esp\v6.0\esp-idf\tools/idf_monitor.py -p COM7 -b 115200 --toolchain-prefix xtensa-esp32-elf- --target esp32 --revision 0 C:\Users\Admin\Desktop\esp\IOT_PROJECT_GROUP2\Project\build\ADC_DAC.elf C:\Users\Admin\Desktop\esp\IOT_PROJECT_GROUP2\Project\build\bootloader\bootloader.elf --force-color -m 'C:\Espressif\tools\python\v6.0\venv\Scripts\python.exe' 'D:\esp\v6.0\esp-idf\tools\idf.py' '-p' 'COM7'
PI_FAST_FLASH_BOOT)
configsip: 0, SPIWP:0xee
clk_drv:0x00,q_drv:0x00,d_drv:0x00,cs0_drv:0x00,hd_drv:0x00,wp_drv:0x00
mode:DIO, clock div:2
load:0x3fff0040,len:6272
load:0x40078000,len:15848
load:0x40080400,len:3920
entry 0�ets Jul 29 2019 12:21:46

rst:0x1 (POWERON_RESET),boot:0x13 (SPI_FAST_FLASH_BOOT)
configsip: 0, SPIWP:0xee
clk_drv:0x00,q_drv:0x00,d_drv:0x00,cs0_drv:0x00,hd_drv:0x00,wp_drv:0x00
mode:DIO, clock div:2
load:0x3fff0040,len:6272
load:0x40078000,len:15848
load:0x40080400,len:3920
entry 0x40080644
[0;32mI (27) boot: ESP-IDF v6.0 2nd stage bootloader[0m
[0;32mI (27) boot: compile time May 15 2026 21:39:59[0m
[0;32mI (28) boot: Multicore bootloader[0m
[0;32mI (29) boot: chip revision: v3.1[0m
[0;32mI (31) boot.esp32: SPI Speed      : 40MHz[0m
[0;32mI (35) boot.esp32: SPI Mode       : DIO[0m
[0;32mI (39) boot.esp32: SPI Flash Size : 4MB[0m
[0;32mI (42) boot: Enabling RNG early entropy source...[0m
[0;32mI (47) boot: Partition Table:[0m
[0;32mI (49) boot: ## Label            Usage          Type ST Offset   Length[0m
[0;32mI (56) boot:  0 nvs              WiFi data        01 02 00009000 00005000[0m
[0;32mI (62) boot:  1 otadata          OTA data         01 00 0000e000 00002000[0m
[0;32mI (69) boot:  2 phy_init         RF data          01 01 00010000 00001000[0m
[0;32mI (75) boot:  3 ota_0            OTA app          00 10 00020000 001e0000[0m
[0;32mI (82) boot:  4 ota_1            OTA app          00 11 00200000 001e0000[0m
[0;32mI (88) boot: End of partition table[0m
[0;32mI (92) esp_image: segment 0: paddr=00020020 vaddr=3f400020 size=2a950h (174416) map[0m
[0;32mI (161) esp_image: segment 1: paddr=0004a978 vaddr=3ffbdb60 size=056a0h ( 22176) load[0m
[0;32mI (170) esp_image: segment 2: paddr=00050020 vaddr=400d0020 size=d1b54h (858964) map[0m
[0;32mI (476) esp_image: segment 3: paddr=00121b7c vaddr=3ffc3200 size=00934h (  2356) load[0m
[0;32mI (477) esp_image: segment 4: paddr=001224b8 vaddr=40080000 size=1ca60h (117344) load[0m
[0;32mI (528) esp_image: segment 5: paddr=0013ef20 vaddr=50000000 size=00028h (    40) load[0m
[0;32mI (543) boot: Loaded app from partition at offset 0x20000[0m
[0;32mI (543) boot: Disabling RNG early entropy source...[0m
[0;32mI (553) cpu_start: Multicore app[0m
[0;32mI (561) cpu_start: GPIO 3 and 1 are used as console UART I/O pins[0m
[0;32mI (562) cpu_start: Pro cpu start user code[0m
[0;32mI (562) cpu_start: cpu freq: 160000000 Hz[0m
[0;32mI (564) app_init: Application information:[0m
[0;32mI (567) app_init: Project name:     ADC_DAC[0m
[0;32mI (571) app_init: App version:      2e29e95-dirty[0m
[0;32mI (576) app_init: Compile time:     May 15 2026 22:07:45[0m
[0;32mI (581) app_init: ELF file SHA256:  8e60dd50c...[0m
[0;32mI (585) app_init: ESP-IDF:          v6.0[0m
[0;32mI (589) efuse_init: Min chip rev:     v0.0[0m
[0;32mI (593) efuse_init: Max chip rev:     v3.99 [0m
[0;32mI (597) efuse_init: Chip rev:         v3.1[0m
[0;32mI (601) heap_init: Initializing. RAM available for dynamic allocation:[0m
[0;32mI (607) heap_init: At 3FFAFF10 len 000000F0 (0 KiB): DRAM[0m
[0;32mI (612) heap_init: At 3FFB6388 len 00001C78 (7 KiB): DRAM[0m
[0;32mI (617) heap_init: At 3FFB9A20 len 00004108 (16 KiB): DRAM[0m
[0;32mI (622) heap_init: At 3FFCA778 len 00015888 (86 KiB): DRAM[0m
[0;32mI (627) heap_init: At 3FFE0440 len 00003AE0 (14 KiB): D/IRAM[0m
[0;32mI (633) heap_init: At 3FFE4350 len 0001BCB0 (111 KiB): D/IRAM[0m
[0;32mI (638) heap_init: At 4009CA60 len 000035A0 (13 KiB): IRAM[0m
[0;32mI (645) spi_flash: detected chip: generic[0m
[0;32mI (647) spi_flash: flash io: dio[0m
[0;32mI (652) coexist: coex firmware version: 093e3d2[0m
[0;32mI (656) main_task: Started on CPU0[0m
[0;32mI (666) main_task: Calling app_main()[0m
[0;32mI (686) BTDM_INIT: BT controller compile version [045a658][0m
[0;32mI (686) BTDM_INIT: Using main XTAL as clock source[0m
[0;32mI (686) BTDM_INIT: Bluetooth MAC: d4:e9:f4:68:65:5e[0m
[0;32mI (696) phy_init: phy_version 4863,a3a4459,Oct 28 2025,14:30:06[0m
[0;32mI (776) phy_init: Saving new calibration data due to checksum failure or outdated calibration data, mode(0)[0m
[0;32mI (1046) WIFI_BLE_PROV: Found saved credentials, connecting WiFi[0m
[0;32mI (1066) wifi:wifi driver task: 3ffd8704, prio:23, stack:6656, core=0[0m
[0;32mI (1086) wifi:wifi firmware version: 44738b4[0m
[0;32mI (1086) wifi:wifi certification version: v7.0[0m
[0;32mI (1086) wifi:config NVS flash: enabled[0m
[0;32mI (1086) wifi:config nano formatting: disabled[0m
[0;32mI (1086) wifi:Init data frame dynamic rx buffer num: 32[0m
[0;32mI (1096) wifi:Init static rx mgmt buffer num: 5[0m
[0;32mI (1096) wifi:Init management short buffer num: 32[0m
[0;32mI (1106) wifi:Init dynamic tx buffer num: 32[0m
[0;32mI (1106) wifi:Init static rx buffer size: 1600[0m
[0;32mI (1116) wifi:Init static rx buffer num: 10[0m
[0;32mI (1116) wifi:Init dynamic rx buffer num: 32[0m
[0;32mI (1126) wifi_init: rx ba win: 6[0m
[0;32mI (1126) wifi_init: accept mbox: 6[0m
[0;32mI (1126) wifi_init: tcpip mbox: 32[0m
[0;32mI (1136) wifi_init: udp mbox: 6[0m
[0;32mI (1136) wifi_init: tcp mbox: 6[0m
[0;32mI (1136) wifi_init: tcp tx win: 5760[0m
[0;32mI (1136) wifi_init: tcp rx win: 5760[0m
[0;32mI (1146) WIFI_BLE_PROV: BLE addr: d4:e9:f4:68:65:5e[0m
[0;32mI (1146) wifi_init: tcp mss: 1440[0m
[0;32mI (1146) wifi_init: WiFi IRAM OP enabled[0m
[0;32mI (1156) NimBLE: GAP procedure initiated: advertise; [0m
[0;32mI (1156) NimBLE: disc_mode=2[0m
[0;32mI (1156) NimBLE:  adv_channel_map=0 own_addr_type=0 adv_filter_policy=0 adv_itvl_min=0 adv_itvl_max=0[0m
[0;32mI (1166) NimBLE: [0m

[0;32mI (1166) wifi_init: WiFi RX IRAM OP enabled[0m
[0;32mI (1186) wifi:mode : sta (d4:e9:f4:68:65:5c)[0m
[0;32mI (1186) wifi:enable tsf[0m
[0;32mI (1186) wifi:flush txq[0m
[0;32mI (1196) wifi:stop sw txq[0m
[0;32mI (1196) wifi:lmac stop hw txq[0m
[0;32mI (1196) wifi:mode : sta (d4:e9:f4:68:65:5c)[0m
[0;32mI (1196) wifi:enable tsf[0m
[0;33mW (1206) wifi:Password length matches WPA2 standards, authmode threshold changes from OPEN to WPA2[0m
[0;32mI (1206) WIFI_BLE_PROV: Status: WIFI_CONNECTING[0m
[0;33mW (1206) wifi:Haven't to connect to a suitable AP now![0m
[0;32mI (1216) NET_SVC: Network service initialized[0m
[0;32mI (1216) AWS_OTA: AWS MQTT OTA task bắt đầu[0m
[0;32mI (1226) wifi:new:<11,0>, old:<1,0>, ap:<255,255>, sta:<11,0>, prof:1, snd_ch_cfg:0x0[0m
[0;32mI (1226) wifi:state: init -> auth (0xb0)[0m
[0;32mI (1236) main_task: Returned from app_main()[0m
[0;32mI (1276) wifi:state: auth -> assoc (0x0)[0m
[0;32mI (1296) wifi:state: assoc -> run (0x10)[0m
[0;32mI (1346) wifi:connected with TuanNga, aid = 2, channel 11, BW20, bssid = 00:c8:96:aa:40:d9[0m
[0;32mI (1346) wifi:security: WPA2-PSK, phy: bgn, rssi: -56[0m
[0;32mI (1356) wifi:pm start, type: 1[0m

[0;32mI (1356) wifi:dp: 1, bi: 102400, li: 3, scale listen interval from 307200 us to 307200 us[0m
[0;32mI (1366) wifi:AP's beacon interval = 102400 us, DTIM period = 1[0m
[0;32mI (1386) wifi:<ba-add>idx:0 (ifx:0, 00:c8:96:aa:40:d9), tid:7, ssn:0, winSize:64[0m
[0;32mI (2226) AWS_OTA: Chờ IP... (1000/60000 ms)[0m
[0;32mI (2496) esp_netif_handlers: sta ip: 192.168.100.5, mask: 255.255.255.0, gw: 192.168.100.1[0m
[0;32mI (2496) WIFI_BLE_PROV: Status: WIFI_CONNECTED[0m
[0;32mI (2496) NET_SVC: Wi-Fi up -> network workers allowed[0m
[0;32mI (2716) NET_SVC: Network workers started[0m
[0;32mI (2716) NET_SVC: UDP ready on port 5005[0m
[0;32mI (2716) NET_SVC: TCP server listening on port 5006[0m
[0;32mI (3226) AWS_OTA: Chờ IP... (2000/60000 ms)[0m
[0;32mI (3226) AWS_OTA: Đã có IP: 192.168.100.5[0m
[0;32mI (5226) AWS_OTA: === AWS IoT kết nối lần #1 ===[0m
[0;32mI (5266) wifi:<ba-add>idx:1 (ifx:0, 00:c8:96:aa:40:d9), tid:6, ssn:2, winSize:64[0m
[0;32mI (5296) wifi:<ba-del>idx:1, tid:6[0m
[0;32mI (5356) wifi:<ba-add>idx:1 (ifx:0, 00:c8:96:aa:40:d9), tid:0, ssn:0, winSize:64[0m
[0;32mI (7426) AWS_OTA: TLS kết nối thành công tới adiub9wc49ljw-ats.iot.ap-southeast-1.amazonaws.com:8883[0m
[I] coreMQTT: MQTT connection established with the broker.
[0;32mI (7716) AWS_OTA: MQTT connected  sessionPresent=0[0m
[0;32mI (7936) AWS_OTA: Đã subscribe: devices/esp32-001/ota/command[0m
